<html>
<body>
<pre>
<h1>µVision Build Log</h1>
<h2>Tool Versions:</h2>
IDE-Version: µVision V5.16a
Copyright (C) 2015 ARM Ltd and ARM Germany GmbH. All rights reserved.
License Information: Muhammad Usman, Speedy System & Services, LIC=----
 
Tool Versions:
Toolchain:       MDK-Lite  Version: 5.16a
Toolchain Path:  E:\INSTALLED SOFTWARES\KEIL\ARM\ARMCC\Bin
C Compiler:      Armcc.exe V5.06 (build 20)
Assembler:       Armasm.exe V5.06 (build 20)
Linker/Locator:  ArmLink.exe V5.06 (build 20)
Library Manager: ArmAr.exe V5.06 (build 20)
Hex Converter:   FromElf.exe V5.06 (build 20)
CPU DLL:         SARMCM3.DLL V5.16a
Dialog DLL:      DCM.DLL V1.13.2.0
Target DLL:      lmidk-agdi.dll V???
Dialog DLL:      TCM.DLL V1.14.5.0
 
<h2>Project:</h2>
E:\ONLINE_COURSES\COMPLETED\EMBEDDED SYSTEMS\PROGRAMMING EXERCISES\SOLVED\Lab11_UART\Lab11.uvproj
Project File Date:  11/03/2015

<h2>Output:</h2>
*** Using Compiler 'V5.06 (build 20)', folder: 'E:\INSTALLED SOFTWARES\KEIL\ARM\ARMCC\Bin'
Build target 'Lab11'
compiling main.c...
main.c(35): warning:  #1-D: last line of file ends without a newline
  }
main.c: 1 warning, 0 errors
assembling startup.s...
compiling UART.c...
linking...
Program Size: Code=2632 RO-data=696 RW-data=48 ZI-data=1768  
".\Lab11.axf" - 0 Error(s), 1 Warning(s).
Build Time Elapsed:  00:00:02
</pre>
</body>
</html>
