<html>
<body>
<pre>
<h1>µVision Build Log</h1>
<h2>Project:</h2>
G:\SOFTWARES INSTALLEDBY ME\Keil\Labware\Lab7_SOS\Lab7.uvproj
Project File Date:  03/31/2014

<h2>Output:</h2>
Rebuild target 'Lab7'
assembling startup.s...
compiling main.c...
linking...
Program Size: Code=4160 RO-data=8988 RW-data=64 ZI-data=1752  
".\Lab7.axf" - 0 Error(s), 0 Warning(s).
</pre>
</body>
</html>
LEDBY ME\\Keil\\Labware\\Lab7_SOS\\Lab7.axf" 
Connecting: Mode=JTAG, Speed=1000000Hz
Erase Done.
Programming Done.
Verify OK.
EDBY ME\\Keil\\Labware\\Lab7_SOS\\Lab7.axf" 
Connecting: Mode=JTAG, Speed=1000000Hz
Erase Done.
Programming Done.
Verify OK.
